FLOOR_RECEIPT_TREE_SHA=691c5262fb990e73bf13187ea923fe54341c25bc
tools/size-report.sh
==================================================================
 Nuxie full SDK link-closure size report
 Rust target: aarch64-apple-darwin (Mach-O arm64)
 Source revision: 691c5262fb990e73bf13187ea923fe54341c25bc
 closure: all nux-capi exports + complete public Darwin renderer roots
 link: dead_strip + dead_strip_dylibs; post-link strip -S -x
==================================================================

Building release-size full SDK closure (renderer on scripting off, features=size-report-roots)...
Building release-size full SDK closure (renderer on scripting on, features=size-report-roots,nuxie/scripting)...

Tracked stripped link-closure sizes:
  release-size opt=z, renderer ON, scripting OFF     8217992 B    7.84 MiB
  release-size opt=z, renderer ON, scripting ON      9302232 B    8.87 MiB  (+1084240 B, +13.2%)

Historical 2.75 MiB budget delta (informational; not enforced): +5334408 B (+185.0%)
Retained renderer roots: scripting OFF=44, ON=44
Artifact SHA-256: scripting OFF=e367c319eb5b1686c04c1ca43e6cb706fb4c92210d12b8dd4fb34317e1add507
Artifact SHA-256: scripting ON=6c88395f576ab8b22462a8fc7949134494481fdc3ef621a343f1b48a7038da5e

Artifacts:
  scripting OFF: target/size-report/release-size-renderer-on-scripting-off/libnux_capi_full.dylib
  scripting ON:  target/size-report/release-size-renderer-on-scripting-on/libnux_capi_full.dylib

Section breakdown (release-size, renderer ON, scripting OFF):
Segment __TEXT: 7520256
	Section __text: 5173648
	Section __const: 1097368
	Section __cstring: 131005
	Section __unwind_info: 192504
	Section __eh_frame: 470384
Segment __DATA_CONST: 540672
	Section __const: 527896
Segment __DATA: 16384
Segment __LINKEDIT: 147456

size-report summary: off-bytes=8217992 on-bytes=9302232 budget-bytes=9437184
size-report OK: both variants within the 9 MiB #B-3 budget. See docs/SIZE.md.
