FLOOR_RECEIPT_TREE_SHA=95333c41fe68ab6a2a5486874ffd0c59cd4381be
tools/size-report.sh
==================================================================
 Nuxie full SDK link-closure size report
 Rust target: aarch64-apple-darwin (Mach-O arm64)
 Source revision: 95333c41fe68ab6a2a5486874ffd0c59cd4381be
 closure: all nux-capi exports + complete public Darwin renderer roots
 link: dead_strip + dead_strip_dylibs; post-link strip -S -x
==================================================================

Building release-size full SDK closure (renderer on scripting off, features=size-report-roots)...
Building release-size full SDK closure (renderer on scripting on, features=size-report-roots,nuxie/scripting)...

Tracked stripped link-closure sizes:
  release-size opt=z, renderer ON, scripting OFF     8218008 B    7.84 MiB
  release-size opt=z, renderer ON, scripting ON      9302232 B    8.87 MiB  (+1084224 B, +13.2%)

Historical 2.75 MiB budget delta (informational; not enforced): +5334424 B (+185.0%)
Retained renderer roots: scripting OFF=44, ON=44
Artifact SHA-256: scripting OFF=1cc2fe054f510ef19fa7a8937037a7609d64fe701fc2457e02d1056e683579d4
Artifact SHA-256: scripting ON=1ea076b057cb292c8bc7df9e34dd82746af33d1d82f512cdfa81db9055c75e9d

Artifacts:
  scripting OFF: target/size-report/release-size-renderer-on-scripting-off/libnux_capi_full.dylib
  scripting ON:  target/size-report/release-size-renderer-on-scripting-on/libnux_capi_full.dylib

Section breakdown (release-size, renderer ON, scripting OFF):
Segment __TEXT: 7520256
	Section __text: 5173104
	Section __const: 1097368
	Section __cstring: 131005
	Section __unwind_info: 192528
	Section __eh_frame: 470496
Segment __DATA_CONST: 540672
	Section __const: 527792
Segment __DATA: 16384
Segment __LINKEDIT: 147456

size-report summary: off-bytes=8218008 on-bytes=9302232 budget-bytes=9437184
size-report OK: both variants within the 9 MiB #B-3 budget. See docs/SIZE.md.
